[www.adrienbiguet.fr/index.html]
[www.adrienbiguet.fr/runtime-service-worker3860.js]
[backblue.gif]
[fade.gif]
[index.html]
[www.adrienbiguet.fr/feed/rss2]
[www.adrienbiguet.fr/feed/atom]
[cdn.website-editor.net/dafb55808f24410cab85f4489031d889/dms3rep/multi/tablet/IMG_20181219_154340-51a7b103.png]
[cdn.website-editor.net/dafb55808f24410cab85f4489031d889/dms3rep/multi/desktop/city-truck-festival-2018.jpg]
[cdn.website-editor.net/dafb55808f24410cab85f4489031d889/dms3rep/multi/desktop/téléchargement.jpg]
[cdn.website-editor.net/dafb55808f24410cab85f4489031d889/dms3rep/multi/desktop/téléchargement+(3).jpg]
[cdn.website-editor.net/dafb55808f24410cab85f4489031d889/dms3rep/multi/desktop/Counter-Strike-Global-Offensive-League-810x400.jpg]
[cdn.website-editor.net/dafb55808f24410cab85f4489031d889/dms3rep/multi/desktop/téléchargement+(1).jpg]
[cdn.website-editor.net/dafb55808f24410cab85f4489031d889/dms3rep/multi/desktop/téléchargement+(2).jpg]
[cdn.website-editor.net/dafb55808f24410cab85f4489031d889/dms3rep/multi/desktop/images.jpg]
[www.adrienbiguet.fr/_dm/s/rt/dist/css/d-css-foundation.min7a0e.css]
[dd-cdn.multiscreensite.com/fonts/additional-fonts.css]
[www.adrienbiguet.fr/_dm/s/rt/dist/css/css-font-package.min7a0e.css]
[cdn.website-editor.net/dafb55808f24410cab85f4489031d889/files/dafb55808f24410cab85f4489031d889_1.min5059.css]
[www.adrienbiguet.fr/_dm/s/rt/dist/css/d-css-runtime-desktop-one-package-new.min7a0e.css]
[www.adrienbiguet.fr/_dm/s/rt/css/oneUndOne/1and1-runtime7a0e.css]
[cdn.website-editor.net/dafb55808f24410cab85f4489031d889/files/dafb55808f24410cab85f4489031d889_home_1.min5059.css]
[ajax.googleapis.com/ajax/libs/jquery/2.1.1/jquery.min.js]
[www.adrienbiguet.fr/_dm/s/rt/dist/scripts/d-js-runtime-one-package.min7a0e.js]
[www.adrienbiguet.fr/_dm/s/rt/dist/scripts/d-js-one-runtime-layouts-package.min7a0e.js]
[www.adrienbiguet.fr/_dm/s/rt/dist/scripts/d-js-one-runtime-layouts-desktop.min7a0e.js]
[d1dxoqu0t5mb7j.cloudfront.net/sp-2.0.0-dm-0.1.min.js]
[cdn.jsdelivr.net/npm/lozad/dist/lozad.min.js]
[integration.mywebsite-editor.com/dakota-snippet-service/snippet/integration/snippet757d.js]
[www.adrienbiguet.fr/index.html]
[www.adrienbiguet.fr/_dm/s/rt/actions/cacheKey.json]
[www.adrienbiguet.fr/_dm/s/rt/dist/css/d-css-foundation.min7a0e.css]
[dd-cdn.multiscreensite.com/fonts/additional-fonts.css]
[www.adrienbiguet.fr/_dm/s/rt/dist/css/css-font-package.min7a0e.css]
[www.adrienbiguet.fr/_dm/s/rt/scripts/vendor/photoSwipe/loader.gif]
[www.adrienbiguet.fr/_dm/s/rt/scripts/vendor/photoSwipe/error.gif]
[www.adrienbiguet.fr/_dm/s/rt/scripts/vendor/photoSwipe/icons.png]
[www.adrienbiguet.fr/_dm/s/rt/scripts/vendor/photoSwipe/icons@2x.png]
[dd-cdn.multiscreensite.com/runtime-img/arrowBlackRight.png]
[www.adrienbiguet.fr/editor/nee/images/common/2ColumnsArrows.png]
[www.adrienbiguet.fr/editor/nee/images/common/bluePic.png]
[s3.amazonaws.com/dudamobile-themes/Icons/searchBtn.png]
[dd-cdn.multiscreensite.com/runtime-img/restaurantMenu/menu-image1.jpg]
[www.adrienbiguet.fr/_dm/s/rt/fonts/flexslider-icon.eot]
[www.adrienbiguet.fr/_dm/s/rt/fonts/flexslider-icond41d.eot]
[www.adrienbiguet.fr/_dm/s/rt/fonts/flexslider-icon.woff]
[www.adrienbiguet.fr/_dm/s/rt/fonts/flexslider-icon.ttf]
[www.adrienbiguet.fr/_dm/s/rt/fonts/flexslider-icon.svg]
[www.adrienbiguet.fr/editor/nee/images/oldPtImages/Xclose.png]
[www.adrienbiguet.fr/editor/dudaone/images/placeholders/image-place-holder.jpg]
[www.adrienbiguet.fr/_dm/s/rt/scripts/vendor/photoswipe4/icons/default-skin.png]
[www.adrienbiguet.fr/_dm/s/rt/scripts/vendor/photoswipe4/icons/default-skin.svg]
[www.adrienbiguet.fr/_dm/s/rt/scripts/vendor/photoswipe4/icons/preloader.gif]
[dm-direct.s3.amazonaws.com/editor/healthEngine/health_engine_placeholder.png]
[www.adrienbiguet.fr/_dm/s/rt/fonts/Knockout/Knockout-26.otf]
[www.adrienbiguet.fr/_dm/s/rt/fonts/Knockout/Knockout-27.otf]
[www.adrienbiguet.fr/_dm/s/rt/fonts/Knockout/Knockout-28.otf]
[www.adrienbiguet.fr/_dm/s/rt/fonts/Knockout/Knockout-29.otf]
[www.adrienbiguet.fr/_dm/s/rt/fonts/Knockout/Knockout-30.otf]
[www.adrienbiguet.fr/_dm/s/rt/fonts/NationalApp/NationalApp-Bold.ttf]
[www.adrienbiguet.fr/_dm/s/rt/fonts/NationalApp/NationalApp-Book.ttf]
[www.adrienbiguet.fr/_dm/s/rt/fonts/NationalApp/NationalApp-Regular.ttf]
[www.adrienbiguet.fr/_dm/s/rt/fonts/NationalApp/NationalApp-Semibold.ttf]
[www.adrienbiguet.fr/_dm/s/rt/dist/css/d-css-runtime-desktop-one-package-new.min7a0e.css]
[dp-cdn.multiscreensite.com/bfsImages/sunset-hair.jpg]
[dd-cdn.multiscreensite.com/themes/sections/sectionImg5.jpg]
[dd-cdn.multiscreensite.com/themes/sections/click2Call.jpg]
[dd-cdn.multiscreensite.com/themes/sections/halloween_call.jpg]
[dd-cdn.multiscreensite.com/themes/sections/Trick-or-Treat.jpg]
[dp-cdn.multiscreensite.com/gallery/pink_pattern.png]
[dd-cdn.multiscreensite.com/themes/sections/holiday/thanksgivingBg.jpg]
[dd-cdn.multiscreensite.com/themes/sections/holiday/holidaySnow.png]
[dd-cdn.multiscreensite.com/themes/sections/holiday/smbSaturdayBg.jpg]
[dd-cdn.multiscreensite.com/themes/sections/holiday/cyberMondayBg.jpg]
[dd-cdn.multiscreensite.com/themes/sections/aidsBg.png]
[dp-cdn.multiscreensite.com/gallery/bg_37.png]
[dd-cdn.multiscreensite.com/runtime-img/galleryLoader.gif]
[dd-cdn.multiscreensite.com/runtime-img/imgPlaceholder2.png]
[dd-cdn.multiscreensite.com/runtime-img/imgPlaceholder1.png]
[dd-cdn.multiscreensite.com/runtime-img/imgPlaceholder3.png]
[dd-cdn.multiscreensite.com/runtime-img/yelpLogo.png]
[cdn.website-editor.net/dafb55808f24410cab85f4489031d889/files/dafb55808f24410cab85f4489031d889_1.min5059.css]
[www.adrienbiguet.fr/_dm/s/rt/css/oneUndOne/1and1-runtime7a0e.css]
[cdn.website-editor.net/dafb55808f24410cab85f4489031d889/files/dafb55808f24410cab85f4489031d889_home_1.min5059.css]
[app.multiscreenstore.com/script.html]
[www.adrienbiguet.fr/_dm/s/rt/fonts/flexslider-icon.svg]
[www.adrienbiguet.fr/_dm/s/rt/scripts/vendor/photoswipe4/icons/default-skin.svg]
